1.
bash:
user 0.458 0.444 0.425 0.440 0.448
sys  0.818 0.810 0.788 0.795 0.786

simpsh:
user 0.443 0.435 0.441 0.428 0.442
sys  0.768 0.792 0.787 0.784 0.785

execline:
user 0.009 0.015 0.009 0.012 0.009
sys  0.022 0.017 0.021 0.020 0.024

2.

bash:
i)
real	0m0.367s
user	0m0.210s
sys	0m0.021s

real	0m2.442s
user	0m0.219s
sys	0m0.031s

real	0m2.445s
user	0m0.213s
sys	0m0.037s

real	0m2.446s
user	0m0.220s
sys	0m0.042s

ii)
real	0m0.349s
user	0m0.196s
sys	0m0.015s

real	0m2.242s
user	0m0.311s
sys	0m0.033s

real	0m2.244s
user	0m0.355s
sys	0m0.043s

real	0m2.245s
user	0m0.280s
sys	0m0.031s

iii)
real	0m0.354s
user	0m0.201s
sys	0m0.012s

real	0m2.274s
user	0m0.221s
sys	0m0.034s

real	0m2.275s
user	0m0.220s
sys	0m0.018s

real	0m2.276s
user	0m0.213s
sys	0m0.036s

iv)
real	0m0.354s
user	0m0.201s
sys	0m0.012s

real	0m2.274s
user	0m0.221s
sys	0m0.034s

real	0m2.275s
user	0m0.220s
sys	0m0.018s

real	0m2.276s
user	0m0.213s
sys	0m0.036s

v)
real	0m3.594s
user	0m0.213s
sys	0m0.019s

real	0m3.598s
user	0m0.212s
sys	0m0.027s

real	0m3.843s
user	0m0.214s
sys	0m0.037s

real	0m3.845s
user	0m0.212s
sys	0m0.038s

simpsh:

child 1:
user 0.253263, 0.196895, 0.193128, 0.206069, 0.199965 => avg 0.209864
sys  0.025530, 0.018082, 0.018105, 0.034001, 0.012180 => avg 0.0215796
child 2:
user 0.228348, 0.222501, 0.218935, 0.202854, 0.240188 => avg 0.2225652
sys  0.035364, 0.019941, 0.023641, 0.032457, 0.032431 => avg 0.0287668
child 3:
user 0.207636, 0.224065, 0.222881, 0.204640, 0.236583 => avg 0.219161
sys  0.025825, 0.040085, 0.023350, 0.043628, 0.030815 => avg 0.0327406
child 4:
user 0.220917, 0.221559, 0.223289, 0.208861, 0.219637 => avg 0.2188526
sys  0.032329, 0.045984, 0.025159, 0.021396, 0.039744 => avg 0.0329224
total: 
user 0.910, 0.866, 0.859, 0.823, 0.897 => avg 0.871
sys  0.121, 0.126, 0.092, 0.134, 0.117 => avg 0.118

execline

child 1:
user 0.20 0.20 0.21 0.21 0.21 => avg 0.21
sys  0.00 0.00 0.00 0.00 0.00 => avg 0.00
child 2:
user 0.21 0.20 0.21 0.21 0.21 => avg 0.21
sys  0.00 0.00 0.00 0.00 0.00 => avg 0.00
child 3:
user 0.21 0.20 0.21 0.21 0.21 => avg 0.21
sys  0.00 0.00 0.00 0.00 0.00 => avg 0.00
child 4:
user 0.21 0.20 0.21 0.21 0.21 => avg 0.21
sys  0.00 0.00 0.00 0.00 0.00 => avg 0.00
total:
user 0.847, 0.823, 0.859, 0.859, 0.861 => avg 0.8498
sys  0.038, 0.040, 0.042, 0.042, 0.033 => avg 0.039



3.
bash:
user 0.002 0.001 0.001 0.002 0.001
sys  0.001 0.002 0.001 0.002 0.003

simpsh:
user 0.000 0.000 0.000 0.001 0.001
sys  0.002 0.001 0.002 0.001 0.001

execline:
user 0.002 0.002 0.001 0.001 0.000
sys  0.002 0.004 0.003 0.003 0.004
